C:/Users/IvanD/OneDrive/STM32CubeIDE/Lab_Works/LW2_Interrupts_p2/Inc/CMSIS/core_cm4.h:1679:22:__NVIC_EnableIRQ	16	static,ignoring_inline_asm
C:/Users/IvanD/OneDrive/STM32CubeIDE/Lab_Works/LW2_Interrupts_p2/Inc/CMSIS/core_cm4.h:1717:22:__NVIC_DisableIRQ	16	static,ignoring_inline_asm
../Src/main.c:20:5:main	8	static
../Src/main.c:29:6:EXTI15_10_IRQHandler	8	static
../Src/main.c:38:6:task1_3	8	static
../Src/main.c:86:6:task1_3_interrupt	4	static
../Src/main.c:93:6:task2_3	8	static
../Src/main.c:148:6:task2_3_interrupt	4	static
