core_cm4.h:1679:22:__NVIC_EnableIRQ	16	static,ignoring_inline_asm
main.c:23:5:main	8	static
main.c:42:6:TIM2_IRQHandler	4	static
main.c:55:6:TIM3_IRQHandler	8	static
main.c:64:6:EXTI15_10_IRQHandler	4	static
main.c:71:6:setup_clock	4	static
main.c:98:6:task_1	8	static
main.c:120:6:task_1_timer	4	static
main.c:126:6:task_2	8	static
main.c:148:6:task_2_timer	4	static
main.c:154:6:task_3	8	static
main.c:187:6:task_3_timer	4	static
main.c:208:6:cr_task_1	8	static
main.c:229:6:cr_task_1_timer	4	static
main.c:236:6:sleep	16	static
main.c:251:6:cr_task_2	8	static
main.c:286:6:cr_task_2_interrupt	16	static
main.c:323:6:cr_task_2_timer	16	static
main.c:343:6:cr_task_3	16	static
main.c:390:6:cr_task_3_timer	4	static
