core_cm4.h:1679:22:__NVIC_EnableIRQ	16	static,ignoring_inline_asm
main.c:21:5:main	8	static
main.c:38:6:TIM2_IRQHandler	8	static
main.c:51:6:TIM3_IRQHandler	4	static
main.c:58:6:EXTI15_10_IRQHandler	8	static
main.c:65:6:setup_clock	4	static
main.c:92:6:task_1	8	static
main.c:114:6:task_1_timer	4	static
main.c:120:6:task_2	8	static
main.c:142:6:task_2_timer	4	static
main.c:148:6:task_3	8	static
main.c:181:6:task_3_timer	4	static
main.c:202:6:cr_task_1	8	static
main.c:223:6:cr_task_1_timer	4	static
main.c:230:6:sleep	16	static
main.c:245:6:cr_task_2	8	static
main.c:280:6:cr_task_2_interrupt	16	static
main.c:317:6:cr_task_2_timer	16	static
