core_cm4.h:1679:22:__NVIC_EnableIRQ	16	static,ignoring_inline_asm
main.c:24:5:main	8	static
main.c:42:6:EXTI15_10_IRQHandler	8	static
main.c:60:6:task_1	8	static
main.c:82:6:task_1_interrupt	4	static
main.c:89:6:task_2	8	static
main.c:114:6:task_2_interrupt	4	static
main.c:130:6:task_3	8	static
main.c:177:6:task_3_interrupt	4	static
main.c:233:6:cr_task_1	8	static
main.c:262:6:cr_task_1_interrupt	16	static
main.c:297:6:cr_task_3	40	static
main.c:442:6:cr_task_3_interrupt	4	static
main.c:490:6:dumb_delay	24	static
