C:/Users/IvanD/OneDrive/STM32CubeIDE/Lab_Works/LW4_ADC/Inc/CMSIS/core_cm4.h:1679:22:__NVIC_EnableIRQ	16	static,ignoring_inline_asm
../Src/main.c:28:5:main	8	static
../Src/main.c:47:6:TIM2_IRQHandler	4	static
../Src/main.c:54:6:example	8	static
../Src/main.c:105:6:task1_1	8	static
../Src/main.c:148:6:task1_2	8	static
../Src/main.c:194:6:task1_3	8	static
../Src/main.c:239:6:task2_1	8	static
../Src/main.c:292:6:task2_2	8	static
../Src/main.c:355:6:setup_adc_dma	16	static
../Src/main.c:381:6:adc_manually_get_data	4	static
../Src/main.c:393:6:setup_clock	4	static
../Src/main.c:420:6:sleep	16	static
../Src/main.c:449:6:dummy_delay	24	static
