C:/Users/IvanD/OneDrive/STM32CubeIDE/Lab_Works/LW4_ADC/Inc/CMSIS/core_cm4.h:1679:22:__NVIC_EnableIRQ	16	static,ignoring_inline_asm
../Src/main.c:29:5:main	8	static
../Src/main.c:48:6:TIM2_IRQHandler	4	static
../Src/main.c:55:6:example	8	static
../Src/main.c:106:6:task1_1	8	static
../Src/main.c:149:6:task1_2	8	static
../Src/main.c:195:6:task1_3	8	static
../Src/main.c:240:6:task2_1	8	static
../Src/main.c:293:6:task2_2	8	static
../Src/main.c:356:6:task2_3	8	static
../Src/main.c:428:6:setup_adc_dma	16	static
../Src/main.c:454:6:adc_manually_get_data	4	static
../Src/main.c:466:6:setup_clock	4	static
../Src/main.c:493:6:sleep	16	static
../Src/main.c:522:6:dummy_delay	24	static
